16/08/22 06:32:03 PM Tuesday - BasePage - INFO : Element found with LocatorType: xpath with the locatorValue ://android.widget.Button[@index='3']
16/08/22 06:32:03 PM Tuesday - BasePage - INFO : Clicked on Element with LocatorType: xpath and with the locatorValue ://android.widget.Button[@index='3']
16/08/22 06:32:03 PM Tuesday - BasePage - INFO : Element found with LocatorType: xpath with the locatorValue ://android.view.View[@content-desc='Sign In']
16/08/22 06:32:04 PM Tuesday - BasePage - INFO : Clicked on Element with LocatorType: xpath and with the locatorValue ://android.view.View[@content-desc='Sign In']
16/08/22 06:32:05 PM Tuesday - BasePage - INFO : Element found with LocatorType: xpath with the locatorValue ://android.widget.ImageView[@content-desc='Sign In with Email']
16/08/22 06:32:05 PM Tuesday - BasePage - INFO : Clicked on Element with LocatorType: xpath and with the locatorValue ://android.widget.ImageView[@content-desc='Sign In with Email']
16/08/22 06:32:30 PM Tuesday - BasePage - ERROR : Element not found with LocatorType: xpath and with the locatorValue ://android.widget.EditText[@text='ssss your Email ID']
16/08/22 06:32:30 PM Tuesday - BasePage - ERROR : Unable to click on Element with LocatorType: xpath and with the locatorValue ://android.widget.EditText[@text='ssss your Email ID']
16/08/22 06:32:55 PM Tuesday - BasePage - ERROR : Element not found with LocatorType: xpath and with the locatorValue ://android.widget.EditText[@text='ssss your Email ID']
16/08/22 06:32:55 PM Tuesday - BasePage - ERROR : Unable to send text on Element with LocatorType: xpath and with the locatorValue ://android.widget.EditText[@text='ssss your Email ID']
16/08/22 06:39:19 PM Tuesday - BasePage - INFO : Element found with LocatorType: xpath with the locatorValue ://android.widget.Button[@index='3']
16/08/22 06:39:19 PM Tuesday - BasePage - INFO : Clicked on Element with LocatorType: xpath and with the locatorValue ://android.widget.Button[@index='3']
16/08/22 06:39:20 PM Tuesday - BasePage - INFO : Element found with LocatorType: xpath with the locatorValue ://android.view.View[@content-desc='Sign In']
16/08/22 06:39:20 PM Tuesday - BasePage - INFO : Clicked on Element with LocatorType: xpath and with the locatorValue ://android.view.View[@content-desc='Sign In']
16/08/22 06:39:21 PM Tuesday - BasePage - INFO : Element found with LocatorType: xpath with the locatorValue ://android.widget.ImageView[@content-desc='Sign In with Email']
16/08/22 06:39:21 PM Tuesday - BasePage - INFO : Clicked on Element with LocatorType: xpath and with the locatorValue ://android.widget.ImageView[@content-desc='Sign In with Email']
16/08/22 06:39:47 PM Tuesday - BasePage - ERROR : Element not found with LocatorType: xpath and with the locatorValue ://android.widget.EditText[@text='ssss your Email ID']
16/08/22 06:39:47 PM Tuesday - BasePage - ERROR : Unable to click on Element with LocatorType: xpath and with the locatorValue ://android.widget.EditText[@text='ssss your Email ID']
16/08/22 06:40:12 PM Tuesday - BasePage - ERROR : Element not found with LocatorType: id and with the locatorValue ://android.widget.EditText[@text='ssss your Email ID']
16/08/22 06:40:12 PM Tuesday - BasePage - ERROR : Unable to send text on Element with LocatorType: id and with the locatorValue ://android.widget.EditText[@text='ssss your Email ID']
16/08/22 06:41:08 PM Tuesday - BasePage - INFO : Element found with LocatorType: xpath with the locatorValue ://android.widget.Button[@index='3']
16/08/22 06:41:09 PM Tuesday - BasePage - INFO : Clicked on Element with LocatorType: xpath and with the locatorValue ://android.widget.Button[@index='3']
16/08/22 06:41:09 PM Tuesday - BasePage - INFO : Element found with LocatorType: xpath with the locatorValue ://android.view.View[@content-desc='Sign In']
16/08/22 06:41:10 PM Tuesday - BasePage - INFO : Clicked on Element with LocatorType: xpath and with the locatorValue ://android.view.View[@content-desc='Sign In']
16/08/22 06:41:10 PM Tuesday - BasePage - INFO : Element found with LocatorType: xpath with the locatorValue ://android.widget.ImageView[@content-desc='Sign In with Email']
16/08/22 06:41:10 PM Tuesday - BasePage - INFO : Clicked on Element with LocatorType: xpath and with the locatorValue ://android.widget.ImageView[@content-desc='Sign In with Email']
16/08/22 06:41:36 PM Tuesday - BasePage - ERROR : Element not found with LocatorType: xpath and with the locatorValue ://android.widget.EditText[@text='ssss your Email ID']
16/08/22 06:41:36 PM Tuesday - BasePage - ERROR : Unable to click on Element with LocatorType: xpath and with the locatorValue ://android.widget.EditText[@text='ssss your Email ID']
16/08/22 06:42:01 PM Tuesday - BasePage - ERROR : Element not found with LocatorType: id and with the locatorValue ://android.widget.EditText[@text='ssss your Email ID']
16/08/22 06:42:01 PM Tuesday - BasePage - ERROR : Unable to send text on Element with LocatorType: id and with the locatorValue ://android.widget.EditText[@text='ssss your Email ID']
16/08/22 06:44:21 PM Tuesday - BasePage - INFO : Element found with LocatorType: xpath with the locatorValue ://android.widget.Button[@index='3']
16/08/22 06:44:21 PM Tuesday - BasePage - INFO : Clicked on Element with LocatorType: xpath and with the locatorValue ://android.widget.Button[@index='3']
16/08/22 06:44:22 PM Tuesday - BasePage - INFO : Element found with LocatorType: xpath with the locatorValue ://android.view.View[@content-desc='Sign In']
16/08/22 06:44:22 PM Tuesday - BasePage - INFO : Clicked on Element with LocatorType: xpath and with the locatorValue ://android.view.View[@content-desc='Sign In']
16/08/22 06:44:23 PM Tuesday - BasePage - INFO : Element found with LocatorType: xpath with the locatorValue ://android.widget.ImageView[@content-desc='Sign In with Email']
16/08/22 06:44:23 PM Tuesday - BasePage - INFO : Clicked on Element with LocatorType: xpath and with the locatorValue ://android.widget.ImageView[@content-desc='Sign In with Email']
16/08/22 06:44:48 PM Tuesday - BasePage - ERROR : Element not found with LocatorType: xpath and with the locatorValue ://android.widget.EditText[@text='ssss your Email ID']
16/08/22 06:44:48 PM Tuesday - BasePage - ERROR : Unable to click on Element with LocatorType: xpath and with the locatorValue ://android.widget.EditText[@text='ssss your Email ID']
16/08/22 06:45:14 PM Tuesday - BasePage - ERROR : Element not found with LocatorType: id and with the locatorValue ://android.widget.EditText[@text='ssss your Email ID']
16/08/22 06:45:14 PM Tuesday - BasePage - ERROR : Unable to send text on Element with LocatorType: id and with the locatorValue ://android.widget.EditText[@text='ssss your Email ID']
16/08/22 06:46:54 PM Tuesday - BasePage - INFO : Element found with LocatorType: xpath with the locatorValue ://android.widget.Button[@index='3']
16/08/22 06:46:54 PM Tuesday - BasePage - INFO : Clicked on Element with LocatorType: xpath and with the locatorValue ://android.widget.Button[@index='3']
16/08/22 06:46:55 PM Tuesday - BasePage - INFO : Element found with LocatorType: xpath with the locatorValue ://android.view.View[@content-desc='Sign In']
16/08/22 06:46:56 PM Tuesday - BasePage - INFO : Clicked on Element with LocatorType: xpath and with the locatorValue ://android.view.View[@content-desc='Sign In']
16/08/22 06:46:56 PM Tuesday - BasePage - INFO : Element found with LocatorType: xpath with the locatorValue ://android.widget.ImageView[@content-desc='Sign In with Email']
16/08/22 06:46:56 PM Tuesday - BasePage - INFO : Clicked on Element with LocatorType: xpath and with the locatorValue ://android.widget.ImageView[@content-desc='Sign In with Email']
16/08/22 06:47:21 PM Tuesday - BasePage - ERROR : Element not found with LocatorType: xpath and with the locatorValue ://android.widget.EditText[@text='ssss your Email ID']
16/08/22 06:47:21 PM Tuesday - BasePage - ERROR : Unable to click on Element with LocatorType: xpath and with the locatorValue ://android.widget.EditText[@text='ssss your Email ID']
16/08/22 06:47:46 PM Tuesday - BasePage - ERROR : Element not found with LocatorType: id and with the locatorValue ://android.widget.EditText[@text='ssss your Email ID']
16/08/22 06:47:46 PM Tuesday - BasePage - ERROR : Unable to send text on Element with LocatorType: id and with the locatorValue ://android.widget.EditText[@text='ssss your Email ID']
16/08/22 06:49:21 PM Tuesday - BasePage - INFO : Element found with LocatorType: xpath with the locatorValue ://android.widget.Button[@index='3']
16/08/22 06:49:21 PM Tuesday - BasePage - INFO : Clicked on Element with LocatorType: xpath and with the locatorValue ://android.widget.Button[@index='3']
16/08/22 06:49:22 PM Tuesday - BasePage - INFO : Element found with LocatorType: xpath with the locatorValue ://android.view.View[@content-desc='Sign In']
16/08/22 06:49:22 PM Tuesday - BasePage - INFO : Clicked on Element with LocatorType: xpath and with the locatorValue ://android.view.View[@content-desc='Sign In']
16/08/22 06:49:23 PM Tuesday - BasePage - INFO : Element found with LocatorType: xpath with the locatorValue ://android.widget.ImageView[@content-desc='Sign In with Email']
16/08/22 06:49:24 PM Tuesday - BasePage - INFO : Clicked on Element with LocatorType: xpath and with the locatorValue ://android.widget.ImageView[@content-desc='Sign In with Email']
16/08/22 06:49:50 PM Tuesday - BasePage - ERROR : Element not found with LocatorType: xpath and with the locatorValue ://android.widget.EditText[@text='ssss your Email ID']
16/08/22 06:49:50 PM Tuesday - BasePage - ERROR : Unable to click on Element with LocatorType: xpath and with the locatorValue ://android.widget.EditText[@text='ssss your Email ID']
16/08/22 06:50:15 PM Tuesday - BasePage - ERROR : Element not found with LocatorType: id and with the locatorValue ://android.widget.EditText[@text='ssss your Email ID']
16/08/22 06:50:15 PM Tuesday - BasePage - ERROR : Unable to send text on Element with LocatorType: id and with the locatorValue ://android.widget.EditText[@text='ssss your Email ID']
16/08/22 06:53:01 PM Tuesday - BasePage - INFO : Element found with LocatorType: xpath with the locatorValue ://android.widget.Button[@index='3']
16/08/22 06:53:02 PM Tuesday - BasePage - INFO : Clicked on Element with LocatorType: xpath and with the locatorValue ://android.widget.Button[@index='3']
16/08/22 06:53:02 PM Tuesday - BasePage - INFO : Element found with LocatorType: xpath with the locatorValue ://android.view.View[@content-desc='Sign In']
16/08/22 06:53:02 PM Tuesday - BasePage - INFO : Clicked on Element with LocatorType: xpath and with the locatorValue ://android.view.View[@content-desc='Sign In']
16/08/22 06:53:04 PM Tuesday - BasePage - INFO : Element found with LocatorType: xpath with the locatorValue ://android.widget.ImageView[@content-desc='Sign In with Email']
16/08/22 06:53:04 PM Tuesday - BasePage - INFO : Clicked on Element with LocatorType: xpath and with the locatorValue ://android.widget.ImageView[@content-desc='Sign In with Email']
16/08/22 06:53:29 PM Tuesday - BasePage - ERROR : Element not found with LocatorType: xpath and with the locatorValue ://android.widget.EditText[@text='ssss your Email ID']
16/08/22 06:53:29 PM Tuesday - BasePage - ERROR : Unable to click on Element with LocatorType: xpath and with the locatorValue ://android.widget.EditText[@text='ssss your Email ID']
16/08/22 06:53:54 PM Tuesday - BasePage - ERROR : Element not found with LocatorType: id and with the locatorValue ://android.widget.EditText[@text='ssss your Email ID']
16/08/22 06:53:54 PM Tuesday - BasePage - ERROR : Unable to send text on Element with LocatorType: id and with the locatorValue ://android.widget.EditText[@text='ssss your Email ID']
16/08/22 06:56:47 PM Tuesday - BasePage - INFO : Element found with LocatorType: xpath with the locatorValue ://android.widget.Button[@index='3']
16/08/22 06:56:47 PM Tuesday - BasePage - INFO : Clicked on Element with LocatorType: xpath and with the locatorValue ://android.widget.Button[@index='3']
16/08/22 06:56:48 PM Tuesday - BasePage - INFO : Element found with LocatorType: xpath with the locatorValue ://android.view.View[@content-desc='Sign In']
16/08/22 06:56:49 PM Tuesday - BasePage - INFO : Clicked on Element with LocatorType: xpath and with the locatorValue ://android.view.View[@content-desc='Sign In']
16/08/22 06:56:49 PM Tuesday - BasePage - INFO : Element found with LocatorType: xpath with the locatorValue ://android.widget.ImageView[@content-desc='Sign In with Email']
16/08/22 06:56:49 PM Tuesday - BasePage - INFO : Clicked on Element with LocatorType: xpath and with the locatorValue ://android.widget.ImageView[@content-desc='Sign In with Email']
16/08/22 06:57:14 PM Tuesday - BasePage - ERROR : Element not found with LocatorType: xpath and with the locatorValue ://android.widget.EditText[@text='ssss your Email ID']
16/08/22 06:57:14 PM Tuesday - BasePage - ERROR : Unable to click on Element with LocatorType: xpath and with the locatorValue ://android.widget.EditText[@text='ssss your Email ID']
16/08/22 06:57:39 PM Tuesday - BasePage - ERROR : Element not found with LocatorType: id and with the locatorValue ://android.widget.EditText[@text='ssss your Email ID']
16/08/22 06:57:39 PM Tuesday - BasePage - ERROR : Unable to send text on Element with LocatorType: id and with the locatorValue ://android.widget.EditText[@text='ssss your Email ID']
16/08/22 06:58:46 PM Tuesday - BasePage - INFO : Element found with LocatorType: xpath with the locatorValue ://android.widget.Button[@index='3']
16/08/22 06:58:46 PM Tuesday - BasePage - INFO : Clicked on Element with LocatorType: xpath and with the locatorValue ://android.widget.Button[@index='3']
16/08/22 06:58:47 PM Tuesday - BasePage - INFO : Element found with LocatorType: xpath with the locatorValue ://android.view.View[@content-desc='Sign In']
16/08/22 06:58:47 PM Tuesday - BasePage - INFO : Clicked on Element with LocatorType: xpath and with the locatorValue ://android.view.View[@content-desc='Sign In']
16/08/22 06:58:48 PM Tuesday - BasePage - INFO : Element found with LocatorType: xpath with the locatorValue ://android.widget.ImageView[@content-desc='Sign In with Email']
16/08/22 06:58:48 PM Tuesday - BasePage - INFO : Clicked on Element with LocatorType: xpath and with the locatorValue ://android.widget.ImageView[@content-desc='Sign In with Email']
16/08/22 06:59:14 PM Tuesday - BasePage - ERROR : Element not found with LocatorType: xpath and with the locatorValue ://android.widget.EditText[@text='ssss your Email ID']
16/08/22 06:59:14 PM Tuesday - BasePage - ERROR : Unable to click on Element with LocatorType: xpath and with the locatorValue ://android.widget.EditText[@text='ssss your Email ID']
16/08/22 06:59:39 PM Tuesday - BasePage - ERROR : Element not found with LocatorType: id and with the locatorValue ://android.widget.EditText[@text='ssss your Email ID']
16/08/22 06:59:39 PM Tuesday - BasePage - ERROR : Unable to send text on Element with LocatorType: id and with the locatorValue ://android.widget.EditText[@text='ssss your Email ID']
16/08/22 07:00:46 PM Tuesday - BasePage - INFO : Element found with LocatorType: xpath with the locatorValue ://android.widget.Button[@index='3']
16/08/22 07:00:46 PM Tuesday - BasePage - INFO : Clicked on Element with LocatorType: xpath and with the locatorValue ://android.widget.Button[@index='3']
16/08/22 07:00:47 PM Tuesday - BasePage - INFO : Element found with LocatorType: xpath with the locatorValue ://android.view.View[@content-desc='Sign In']
16/08/22 07:00:47 PM Tuesday - BasePage - INFO : Clicked on Element with LocatorType: xpath and with the locatorValue ://android.view.View[@content-desc='Sign In']
16/08/22 07:00:47 PM Tuesday - BasePage - INFO : Element found with LocatorType: xpath with the locatorValue ://android.widget.ImageView[@content-desc='Sign In with Email']
16/08/22 07:00:48 PM Tuesday - BasePage - INFO : Clicked on Element with LocatorType: xpath and with the locatorValue ://android.widget.ImageView[@content-desc='Sign In with Email']
16/08/22 07:01:13 PM Tuesday - BasePage - ERROR : Element not found with LocatorType: xpath and with the locatorValue ://android.widget.EditText[@text='ssss your Email ID']
16/08/22 07:01:13 PM Tuesday - BasePage - ERROR : Unable to click on Element with LocatorType: xpath and with the locatorValue ://android.widget.EditText[@text='ssss your Email ID']
16/08/22 07:01:38 PM Tuesday - BasePage - ERROR : Element not found with LocatorType: id and with the locatorValue ://android.widget.EditText[@text='ssss your Email ID']
16/08/22 07:01:38 PM Tuesday - BasePage - ERROR : Unable to send text on Element with LocatorType: id and with the locatorValue ://android.widget.EditText[@text='ssss your Email ID']
16/08/22 07:03:21 PM Tuesday - BasePage - INFO : Element found with LocatorType: xpath with the locatorValue ://android.widget.Button[@index='3']
16/08/22 07:03:22 PM Tuesday - BasePage - INFO : Clicked on Element with LocatorType: xpath and with the locatorValue ://android.widget.Button[@index='3']
16/08/22 07:03:22 PM Tuesday - BasePage - INFO : Element found with LocatorType: xpath with the locatorValue ://android.view.View[@content-desc='Sign In']
16/08/22 07:03:22 PM Tuesday - BasePage - INFO : Clicked on Element with LocatorType: xpath and with the locatorValue ://android.view.View[@content-desc='Sign In']
16/08/22 07:03:23 PM Tuesday - BasePage - INFO : Element found with LocatorType: xpath with the locatorValue ://android.widget.ImageView[@content-desc='Sign In with Email']
16/08/22 07:03:23 PM Tuesday - BasePage - INFO : Clicked on Element with LocatorType: xpath and with the locatorValue ://android.widget.ImageView[@content-desc='Sign In with Email']
16/08/22 07:03:49 PM Tuesday - BasePage - ERROR : Element not found with LocatorType: xpath and with the locatorValue ://android.widget.EditText[@text='ssss your Email ID']
16/08/22 07:03:49 PM Tuesday - BasePage - ERROR : Unable to click on Element with LocatorType: xpath and with the locatorValue ://android.widget.EditText[@text='ssss your Email ID']
16/08/22 07:04:14 PM Tuesday - BasePage - ERROR : Element not found with LocatorType: id and with the locatorValue ://android.widget.EditText[@text='ssss your Email ID']
16/08/22 07:04:14 PM Tuesday - BasePage - ERROR : Unable to send text on Element with LocatorType: id and with the locatorValue ://android.widget.EditText[@text='ssss your Email ID']
16/08/22 07:06:07 PM Tuesday - BasePage - INFO : Element found with LocatorType: xpath with the locatorValue ://android.widget.Button[@index='3']
16/08/22 07:06:08 PM Tuesday - BasePage - INFO : Clicked on Element with LocatorType: xpath and with the locatorValue ://android.widget.Button[@index='3']
16/08/22 07:06:08 PM Tuesday - BasePage - INFO : Element found with LocatorType: xpath with the locatorValue ://android.view.View[@content-desc='Sign In']
16/08/22 07:06:08 PM Tuesday - BasePage - INFO : Clicked on Element with LocatorType: xpath and with the locatorValue ://android.view.View[@content-desc='Sign In']
16/08/22 07:06:09 PM Tuesday - BasePage - INFO : Element found with LocatorType: xpath with the locatorValue ://android.widget.ImageView[@content-desc='Sign In with Email']
16/08/22 07:06:10 PM Tuesday - BasePage - INFO : Clicked on Element with LocatorType: xpath and with the locatorValue ://android.widget.ImageView[@content-desc='Sign In with Email']
16/08/22 07:06:35 PM Tuesday - BasePage - ERROR : Element not found with LocatorType: xpath and with the locatorValue ://android.widget.EditText[@text='ssss your Email ID']
16/08/22 07:06:35 PM Tuesday - BasePage - ERROR : Unable to click on Element with LocatorType: xpath and with the locatorValue ://android.widget.EditText[@text='ssss your Email ID']
16/08/22 07:07:01 PM Tuesday - BasePage - ERROR : Element not found with LocatorType: id and with the locatorValue ://android.widget.EditText[@text='ssss your Email ID']
16/08/22 07:07:01 PM Tuesday - BasePage - ERROR : Unable to send text on Element with LocatorType: id and with the locatorValue ://android.widget.EditText[@text='ssss your Email ID']
16/08/22 07:08:26 PM Tuesday - BasePage - INFO : Element found with LocatorType: xpath with the locatorValue ://android.widget.Button[@index='3']
16/08/22 07:08:26 PM Tuesday - BasePage - INFO : Clicked on Element with LocatorType: xpath and with the locatorValue ://android.widget.Button[@index='3']
16/08/22 07:08:27 PM Tuesday - BasePage - INFO : Element found with LocatorType: xpath with the locatorValue ://android.view.View[@content-desc='Sign In']
16/08/22 07:08:27 PM Tuesday - BasePage - INFO : Clicked on Element with LocatorType: xpath and with the locatorValue ://android.view.View[@content-desc='Sign In']
16/08/22 07:08:28 PM Tuesday - BasePage - INFO : Element found with LocatorType: xpath with the locatorValue ://android.widget.ImageView[@content-desc='Sign In with Email']
16/08/22 07:08:28 PM Tuesday - BasePage - INFO : Clicked on Element with LocatorType: xpath and with the locatorValue ://android.widget.ImageView[@content-desc='Sign In with Email']
16/08/22 07:08:54 PM Tuesday - BasePage - ERROR : Element not found with LocatorType: xpath and with the locatorValue ://android.widget.EditText[@text='ssss your Email ID']
16/08/22 07:08:54 PM Tuesday - BasePage - ERROR : Unable to click on Element with LocatorType: xpath and with the locatorValue ://android.widget.EditText[@text='ssss your Email ID']
16/08/22 07:09:20 PM Tuesday - BasePage - ERROR : Element not found with LocatorType: id and with the locatorValue ://android.widget.EditText[@text='ssss your Email ID']
16/08/22 07:09:20 PM Tuesday - BasePage - ERROR : Unable to send text on Element with LocatorType: id and with the locatorValue ://android.widget.EditText[@text='ssss your Email ID']
16/08/22 07:10:02 PM Tuesday - BasePage - INFO : Element found with LocatorType: xpath with the locatorValue ://android.widget.Button[@index='3']
16/08/22 07:10:02 PM Tuesday - BasePage - INFO : Clicked on Element with LocatorType: xpath and with the locatorValue ://android.widget.Button[@index='3']
16/08/22 07:10:03 PM Tuesday - BasePage - INFO : Element found with LocatorType: xpath with the locatorValue ://android.view.View[@content-desc='Sign In']
16/08/22 07:10:03 PM Tuesday - BasePage - INFO : Clicked on Element with LocatorType: xpath and with the locatorValue ://android.view.View[@content-desc='Sign In']
16/08/22 07:10:04 PM Tuesday - BasePage - INFO : Element found with LocatorType: xpath with the locatorValue ://android.widget.ImageView[@content-desc='Sign In with Email']
16/08/22 07:10:04 PM Tuesday - BasePage - INFO : Clicked on Element with LocatorType: xpath and with the locatorValue ://android.widget.ImageView[@content-desc='Sign In with Email']
16/08/22 07:10:29 PM Tuesday - BasePage - ERROR : Element not found with LocatorType: xpath and with the locatorValue ://android.widget.EditText[@text='ssss your Email ID']
16/08/22 07:10:29 PM Tuesday - BasePage - ERROR : Unable to click on Element with LocatorType: xpath and with the locatorValue ://android.widget.EditText[@text='ssss your Email ID']
16/08/22 07:10:54 PM Tuesday - BasePage - ERROR : Element not found with LocatorType: id and with the locatorValue ://android.widget.EditText[@text='ssss your Email ID']
16/08/22 07:10:54 PM Tuesday - BasePage - ERROR : Unable to send text on Element with LocatorType: id and with the locatorValue ://android.widget.EditText[@text='ssss your Email ID']
16/08/22 07:13:01 PM Tuesday - BasePage - INFO : Element found with LocatorType: xpath with the locatorValue ://android.widget.Button[@index='3']
16/08/22 07:13:01 PM Tuesday - BasePage - INFO : Clicked on Element with LocatorType: xpath and with the locatorValue ://android.widget.Button[@index='3']
16/08/22 07:13:02 PM Tuesday - BasePage - INFO : Element found with LocatorType: xpath with the locatorValue ://android.view.View[@content-desc='Sign In']
16/08/22 07:13:02 PM Tuesday - BasePage - INFO : Clicked on Element with LocatorType: xpath and with the locatorValue ://android.view.View[@content-desc='Sign In']
16/08/22 07:13:03 PM Tuesday - BasePage - INFO : Element found with LocatorType: xpath with the locatorValue ://android.widget.ImageView[@content-desc='Sign In with Email']
16/08/22 07:13:03 PM Tuesday - BasePage - INFO : Clicked on Element with LocatorType: xpath and with the locatorValue ://android.widget.ImageView[@content-desc='Sign In with Email']
16/08/22 07:13:28 PM Tuesday - BasePage - ERROR : Element not found with LocatorType: xpath and with the locatorValue ://android.widget.EditText[@text='ssss your Email ID']
16/08/22 07:13:28 PM Tuesday - BasePage - ERROR : Unable to click on Element with LocatorType: xpath and with the locatorValue ://android.widget.EditText[@text='ssss your Email ID']
16/08/22 07:13:53 PM Tuesday - BasePage - ERROR : Element not found with LocatorType: id and with the locatorValue ://android.widget.EditText[@text='ssss your Email ID']
16/08/22 07:13:53 PM Tuesday - BasePage - ERROR : Unable to send text on Element with LocatorType: id and with the locatorValue ://android.widget.EditText[@text='ssss your Email ID']
16/08/22 07:14:46 PM Tuesday - BasePage - INFO : Element found with LocatorType: xpath with the locatorValue ://android.widget.Button[@index='3']
16/08/22 07:14:46 PM Tuesday - BasePage - INFO : Clicked on Element with LocatorType: xpath and with the locatorValue ://android.widget.Button[@index='3']
16/08/22 07:14:47 PM Tuesday - BasePage - INFO : Element found with LocatorType: xpath with the locatorValue ://android.view.View[@content-desc='Sign In']
16/08/22 07:14:48 PM Tuesday - BasePage - INFO : Clicked on Element with LocatorType: xpath and with the locatorValue ://android.view.View[@content-desc='Sign In']
16/08/22 07:14:48 PM Tuesday - BasePage - INFO : Element found with LocatorType: xpath with the locatorValue ://android.widget.ImageView[@content-desc='Sign In with Email']
16/08/22 07:14:48 PM Tuesday - BasePage - INFO : Clicked on Element with LocatorType: xpath and with the locatorValue ://android.widget.ImageView[@content-desc='Sign In with Email']
16/08/22 07:14:49 PM Tuesday - BasePage - INFO : Element found with LocatorType: xpath with the locatorValue ://android.widget.EditText[@text='Enter your Email ID']
16/08/22 07:14:49 PM Tuesday - BasePage - INFO : Clicked on Element with LocatorType: xpath and with the locatorValue ://android.widget.EditText[@text='Enter your Email ID']
16/08/22 07:14:49 PM Tuesday - BasePage - INFO : Element found with LocatorType: xpath with the locatorValue ://android.widget.EditText[@text='Enter your Email ID']
16/08/22 07:14:50 PM Tuesday - BasePage - INFO : Send text  on Element with LocatorType: xpath and with the locatorValue ://android.widget.EditText[@text='Enter your Email ID']
22/08/22 08:56:29 AM Monday - BasePage - INFO : Element found with LocatorType: xpath with the locatorValue ://android.widget.Button[@index='3']
22/08/22 08:56:29 AM Monday - BasePage - INFO : Clicked on Element with LocatorType: xpath and with the locatorValue ://android.widget.Button[@index='3']
22/08/22 08:56:30 AM Monday - BasePage - INFO : Element found with LocatorType: xpath with the locatorValue ://android.view.View[@content-desc='Sign In']
22/08/22 08:56:31 AM Monday - BasePage - INFO : Clicked on Element with LocatorType: xpath and with the locatorValue ://android.view.View[@content-desc='Sign In']
22/08/22 08:56:31 AM Monday - BasePage - INFO : Element found with LocatorType: xpath with the locatorValue ://android.widget.ImageView[@content-desc='Sign In with Email']
22/08/22 08:56:31 AM Monday - BasePage - INFO : Clicked on Element with LocatorType: xpath and with the locatorValue ://android.widget.ImageView[@content-desc='Sign In with Email']
22/08/22 08:56:32 AM Monday - BasePage - INFO : Element found with LocatorType: xpath with the locatorValue ://android.widget.EditText[@text='Enter your Email ID']
22/08/22 08:56:33 AM Monday - BasePage - INFO : Clicked on Element with LocatorType: xpath and with the locatorValue ://android.widget.EditText[@text='Enter your Email ID']
22/08/22 08:56:33 AM Monday - BasePage - INFO : Element found with LocatorType: xpath with the locatorValue ://android.widget.EditText[@text='Enter your Email ID']
22/08/22 08:56:33 AM Monday - BasePage - INFO : Send text  on Element with LocatorType: xpath and with the locatorValue ://android.widget.EditText[@text='Enter your Email ID']
22/08/22 08:59:16 AM Monday - BasePage - INFO : Element found with LocatorType: xpath with the locatorValue ://android.widget.Button[@index='3']
22/08/22 08:59:17 AM Monday - BasePage - INFO : Clicked on Element with LocatorType: xpath and with the locatorValue ://android.widget.Button[@index='3']
22/08/22 08:59:18 AM Monday - BasePage - INFO : Element found with LocatorType: xpath with the locatorValue ://android.view.View[@content-desc='Sign In']
22/08/22 08:59:18 AM Monday - BasePage - INFO : Clicked on Element with LocatorType: xpath and with the locatorValue ://android.view.View[@content-desc='Sign In']
22/08/22 08:59:19 AM Monday - BasePage - INFO : Element found with LocatorType: xpath with the locatorValue ://android.widget.ImageView[@content-desc='Sign In with Email']
22/08/22 08:59:19 AM Monday - BasePage - INFO : Clicked on Element with LocatorType: xpath and with the locatorValue ://android.widget.ImageView[@content-desc='Sign In with Email']
22/08/22 08:59:20 AM Monday - BasePage - INFO : Element found with LocatorType: xpath with the locatorValue ://android.widget.EditText[@text='Enter your Email ID']
22/08/22 08:59:20 AM Monday - BasePage - INFO : Clicked on Element with LocatorType: xpath and with the locatorValue ://android.widget.EditText[@text='Enter your Email ID']
22/08/22 08:59:20 AM Monday - BasePage - INFO : Element found with LocatorType: xpath with the locatorValue ://android.widget.EditText[@text='Enter your Email ID']
22/08/22 08:59:22 AM Monday - BasePage - INFO : Send text  on Element with LocatorType: xpath and with the locatorValue ://android.widget.EditText[@text='Enter your Email ID']
22/08/22 08:59:22 AM Monday - BasePage - INFO : Element found with LocatorType: xpath with the locatorValue ://android.widget.EditText[@text='Enter your password']
22/08/22 08:59:22 AM Monday - BasePage - INFO : Clicked on Element with LocatorType: xpath and with the locatorValue ://android.widget.EditText[@text='Enter your password']
22/08/22 08:59:48 AM Monday - BasePage - ERROR : Element not found with LocatorType: id and with the locatorValue :xpath
22/08/22 08:59:48 AM Monday - BasePage - ERROR : Unable to send text on Element with LocatorType: id and with the locatorValue :xpath
22/08/22 09:00:29 AM Monday - BasePage - INFO : Element found with LocatorType: xpath with the locatorValue ://android.widget.Button[@index='3']
22/08/22 09:00:29 AM Monday - BasePage - INFO : Clicked on Element with LocatorType: xpath and with the locatorValue ://android.widget.Button[@index='3']
22/08/22 09:00:30 AM Monday - BasePage - INFO : Element found with LocatorType: xpath with the locatorValue ://android.view.View[@content-desc='Sign In']
22/08/22 09:00:30 AM Monday - BasePage - INFO : Clicked on Element with LocatorType: xpath and with the locatorValue ://android.view.View[@content-desc='Sign In']
22/08/22 09:00:31 AM Monday - BasePage - INFO : Element found with LocatorType: xpath with the locatorValue ://android.widget.ImageView[@content-desc='Sign In with Email']
22/08/22 09:00:31 AM Monday - BasePage - INFO : Clicked on Element with LocatorType: xpath and with the locatorValue ://android.widget.ImageView[@content-desc='Sign In with Email']
22/08/22 09:00:31 AM Monday - BasePage - INFO : Element found with LocatorType: xpath with the locatorValue ://android.widget.EditText[@text='Enter your Email ID']
22/08/22 09:00:32 AM Monday - BasePage - INFO : Clicked on Element with LocatorType: xpath and with the locatorValue ://android.widget.EditText[@text='Enter your Email ID']
22/08/22 09:00:33 AM Monday - BasePage - INFO : Element found with LocatorType: xpath with the locatorValue ://android.widget.EditText[@text='Enter your Email ID']
22/08/22 09:00:33 AM Monday - BasePage - INFO : Send text  on Element with LocatorType: xpath and with the locatorValue ://android.widget.EditText[@text='Enter your Email ID']
22/08/22 09:00:34 AM Monday - BasePage - INFO : Element found with LocatorType: xpath with the locatorValue ://android.widget.EditText[@text='Enter your password']
22/08/22 09:00:34 AM Monday - BasePage - INFO : Clicked on Element with LocatorType: xpath and with the locatorValue ://android.widget.EditText[@text='Enter your password']
22/08/22 09:00:35 AM Monday - BasePage - INFO : Element found with LocatorType: xpath with the locatorValue ://android.widget.EditText[@text='Enter your password']
22/08/22 09:00:35 AM Monday - BasePage - INFO : Send text  on Element with LocatorType: xpath and with the locatorValue ://android.widget.EditText[@text='Enter your password']
22/08/22 09:02:40 AM Monday - BasePage - INFO : Element found with LocatorType: xpath with the locatorValue ://android.widget.Button[@index='3']
22/08/22 09:02:40 AM Monday - BasePage - INFO : Clicked on Element with LocatorType: xpath and with the locatorValue ://android.widget.Button[@index='3']
22/08/22 09:02:41 AM Monday - BasePage - INFO : Element found with LocatorType: xpath with the locatorValue ://android.view.View[@content-desc='Sign In']
22/08/22 09:02:41 AM Monday - BasePage - INFO : Clicked on Element with LocatorType: xpath and with the locatorValue ://android.view.View[@content-desc='Sign In']
22/08/22 09:02:42 AM Monday - BasePage - INFO : Element found with LocatorType: xpath with the locatorValue ://android.widget.ImageView[@content-desc='Sign In with Email']
22/08/22 09:02:42 AM Monday - BasePage - INFO : Clicked on Element with LocatorType: xpath and with the locatorValue ://android.widget.ImageView[@content-desc='Sign In with Email']
22/08/22 09:02:43 AM Monday - BasePage - INFO : Element found with LocatorType: xpath with the locatorValue ://android.widget.EditText[@text='Enter your Email ID']
22/08/22 09:02:43 AM Monday - BasePage - INFO : Clicked on Element with LocatorType: xpath and with the locatorValue ://android.widget.EditText[@text='Enter your Email ID']
22/08/22 09:02:43 AM Monday - BasePage - INFO : Element found with LocatorType: xpath with the locatorValue ://android.widget.EditText[@text='Enter your Email ID']
22/08/22 09:02:44 AM Monday - BasePage - INFO : Send text  on Element with LocatorType: xpath and with the locatorValue ://android.widget.EditText[@text='Enter your Email ID']
22/08/22 09:02:44 AM Monday - BasePage - INFO : Element found with LocatorType: xpath with the locatorValue ://android.widget.EditText[@text='Enter your password']
22/08/22 09:02:45 AM Monday - BasePage - INFO : Clicked on Element with LocatorType: xpath and with the locatorValue ://android.widget.EditText[@text='Enter your password']
22/08/22 09:02:46 AM Monday - BasePage - INFO : Element found with LocatorType: xpath with the locatorValue ://android.widget.EditText[@text='Enter your password']
22/08/22 09:02:46 AM Monday - BasePage - INFO : Send text  on Element with LocatorType: xpath and with the locatorValue ://android.widget.EditText[@text='Enter your password']
22/08/22 09:03:45 AM Monday - BasePage - INFO : Element found with LocatorType: xpath with the locatorValue ://android.widget.Button[@index='3']
22/08/22 09:03:46 AM Monday - BasePage - INFO : Clicked on Element with LocatorType: xpath and with the locatorValue ://android.widget.Button[@index='3']
22/08/22 09:03:47 AM Monday - BasePage - INFO : Element found with LocatorType: xpath with the locatorValue ://android.view.View[@content-desc='Sign In']
22/08/22 09:03:47 AM Monday - BasePage - INFO : Clicked on Element with LocatorType: xpath and with the locatorValue ://android.view.View[@content-desc='Sign In']
22/08/22 09:03:48 AM Monday - BasePage - INFO : Element found with LocatorType: xpath with the locatorValue ://android.widget.ImageView[@content-desc='Sign In with Email']
22/08/22 09:03:48 AM Monday - BasePage - INFO : Clicked on Element with LocatorType: xpath and with the locatorValue ://android.widget.ImageView[@content-desc='Sign In with Email']
22/08/22 09:03:48 AM Monday - BasePage - INFO : Element found with LocatorType: xpath with the locatorValue ://android.widget.EditText[@text='Enter your Email ID']
22/08/22 09:03:49 AM Monday - BasePage - INFO : Clicked on Element with LocatorType: xpath and with the locatorValue ://android.widget.EditText[@text='Enter your Email ID']
22/08/22 09:03:49 AM Monday - BasePage - INFO : Element found with LocatorType: xpath with the locatorValue ://android.widget.EditText[@text='Enter your Email ID']
22/08/22 09:03:50 AM Monday - BasePage - INFO : Send text  on Element with LocatorType: xpath and with the locatorValue ://android.widget.EditText[@text='Enter your Email ID']
22/08/22 09:03:50 AM Monday - BasePage - INFO : Element found with LocatorType: xpath with the locatorValue ://android.widget.EditText[@text='Enter your password']
22/08/22 09:03:50 AM Monday - BasePage - INFO : Clicked on Element with LocatorType: xpath and with the locatorValue ://android.widget.EditText[@text='Enter your password']
22/08/22 09:03:51 AM Monday - BasePage - INFO : Element found with LocatorType: xpath with the locatorValue ://android.widget.EditText[@text='Enter your password']
22/08/22 09:03:51 AM Monday - BasePage - INFO : Send text  on Element with LocatorType: xpath and with the locatorValue ://android.widget.EditText[@text='Enter your password']
22/08/22 09:05:45 AM Monday - BasePage - INFO : Element found with LocatorType: xpath with the locatorValue ://android.widget.Button[@index='3']
22/08/22 09:05:45 AM Monday - BasePage - INFO : Clicked on Element with LocatorType: xpath and with the locatorValue ://android.widget.Button[@index='3']
22/08/22 09:05:46 AM Monday - BasePage - INFO : Element found with LocatorType: xpath with the locatorValue ://android.view.View[@content-desc='Sign In']
22/08/22 09:05:46 AM Monday - BasePage - INFO : Clicked on Element with LocatorType: xpath and with the locatorValue ://android.view.View[@content-desc='Sign In']
22/08/22 09:05:47 AM Monday - BasePage - INFO : Element found with LocatorType: xpath with the locatorValue ://android.widget.ImageView[@content-desc='Sign In with Email']
22/08/22 09:05:47 AM Monday - BasePage - INFO : Clicked on Element with LocatorType: xpath and with the locatorValue ://android.widget.ImageView[@content-desc='Sign In with Email']
22/08/22 09:05:47 AM Monday - BasePage - INFO : Element found with LocatorType: xpath with the locatorValue ://android.widget.EditText[@text='Enter your Email ID']
22/08/22 09:05:48 AM Monday - BasePage - INFO : Clicked on Element with LocatorType: xpath and with the locatorValue ://android.widget.EditText[@text='Enter your Email ID']
22/08/22 09:05:48 AM Monday - BasePage - INFO : Element found with LocatorType: xpath with the locatorValue ://android.widget.EditText[@text='Enter your Email ID']
22/08/22 09:05:49 AM Monday - BasePage - INFO : Send text  on Element with LocatorType: xpath and with the locatorValue ://android.widget.EditText[@text='Enter your Email ID']
22/08/22 09:05:50 AM Monday - BasePage - INFO : Element found with LocatorType: xpath with the locatorValue ://android.widget.EditText[@text='Enter your password']
22/08/22 09:05:51 AM Monday - BasePage - INFO : Clicked on Element with LocatorType: xpath and with the locatorValue ://android.widget.EditText[@text='Enter your password']
22/08/22 09:05:51 AM Monday - BasePage - INFO : Element found with LocatorType: xpath with the locatorValue ://android.widget.EditText[@text='Enter your password']
22/08/22 09:05:51 AM Monday - BasePage - INFO : Send text  on Element with LocatorType: xpath and with the locatorValue ://android.widget.EditText[@text='Enter your password']
22/08/22 09:11:27 AM Monday - BasePage - INFO : Element found with LocatorType: xpath with the locatorValue ://android.widget.Button[@index='3']
22/08/22 09:11:27 AM Monday - BasePage - INFO : Clicked on Element with LocatorType: xpath and with the locatorValue ://android.widget.Button[@index='3']
22/08/22 09:11:28 AM Monday - BasePage - INFO : Element found with LocatorType: xpath with the locatorValue ://android.view.View[@content-desc='Sign In']
22/08/22 09:11:29 AM Monday - BasePage - INFO : Clicked on Element with LocatorType: xpath and with the locatorValue ://android.view.View[@content-desc='Sign In']
22/08/22 09:11:29 AM Monday - BasePage - INFO : Element found with LocatorType: xpath with the locatorValue ://android.widget.ImageView[@content-desc='Sign In with Email']
22/08/22 09:11:29 AM Monday - BasePage - INFO : Clicked on Element with LocatorType: xpath and with the locatorValue ://android.widget.ImageView[@content-desc='Sign In with Email']
22/08/22 09:11:30 AM Monday - BasePage - INFO : Element found with LocatorType: xpath with the locatorValue ://android.widget.EditText[@text='Enter your Email ID']
22/08/22 09:11:30 AM Monday - BasePage - INFO : Clicked on Element with LocatorType: xpath and with the locatorValue ://android.widget.EditText[@text='Enter your Email ID']
22/08/22 09:11:32 AM Monday - BasePage - INFO : Element found with LocatorType: xpath with the locatorValue ://android.widget.EditText[@text='Enter your Email ID']
22/08/22 09:11:32 AM Monday - BasePage - INFO : Send text  on Element with LocatorType: xpath and with the locatorValue ://android.widget.EditText[@text='Enter your Email ID']
22/08/22 09:11:33 AM Monday - BasePage - INFO : Element found with LocatorType: xpath with the locatorValue ://android.widget.EditText[@text='Enter your password']
22/08/22 09:11:34 AM Monday - BasePage - INFO : Clicked on Element with LocatorType: xpath and with the locatorValue ://android.widget.EditText[@text='Enter your password']
22/08/22 09:11:34 AM Monday - BasePage - INFO : Element found with LocatorType: xpath with the locatorValue ://android.widget.EditText[@text='Enter your password']
22/08/22 09:11:34 AM Monday - BasePage - INFO : Send text  on Element with LocatorType: xpath and with the locatorValue ://android.widget.EditText[@text='Enter your password']
22/08/22 09:11:35 AM Monday - BasePage - INFO : Element found with LocatorType: xpath with the locatorValue ://android.widget.Button[@content-desc='Sign In']
22/08/22 09:11:35 AM Monday - BasePage - INFO : Clicked on Element with LocatorType: xpath and with the locatorValue ://android.widget.Button[@content-desc='Sign In']
22/08/22 09:11:46 AM Monday - BasePage - INFO : Element found with LocatorType: xpath with the locatorValue ://android.widget.Button[@text='Allow']
22/08/22 09:11:47 AM Monday - BasePage - INFO :  Element with LocatorType: xpath and with the locatorValue ://android.widget.Button[@text='Allow']is displayed 
22/08/22 11:17:26 AM Monday - BasePage - INFO : Element found with LocatorType: xpath with the locatorValue ://android.widget.Button[@index='3']
22/08/22 11:17:26 AM Monday - BasePage - INFO : Clicked on Element with LocatorType: xpath and with the locatorValue ://android.widget.Button[@index='3']
22/08/22 11:17:27 AM Monday - BasePage - INFO : Element found with LocatorType: xpath with the locatorValue ://android.view.View[@content-desc='Sign In']
22/08/22 11:17:28 AM Monday - BasePage - INFO : Clicked on Element with LocatorType: xpath and with the locatorValue ://android.view.View[@content-desc='Sign In']
22/08/22 11:17:28 AM Monday - BasePage - INFO : Element found with LocatorType: xpath with the locatorValue ://android.widget.ImageView[@content-desc='Sign In with Email']
22/08/22 11:17:29 AM Monday - BasePage - INFO : Clicked on Element with LocatorType: xpath and with the locatorValue ://android.widget.ImageView[@content-desc='Sign In with Email']
22/08/22 11:17:30 AM Monday - BasePage - INFO : Element found with LocatorType: xpath with the locatorValue ://android.widget.EditText[@text='Enter your Email ID']
22/08/22 11:17:30 AM Monday - BasePage - INFO : Clicked on Element with LocatorType: xpath and with the locatorValue ://android.widget.EditText[@text='Enter your Email ID']
22/08/22 11:17:31 AM Monday - BasePage - INFO : Element found with LocatorType: xpath with the locatorValue ://android.widget.EditText[@text='Enter your Email ID']
22/08/22 11:17:31 AM Monday - BasePage - INFO : Send text  on Element with LocatorType: xpath and with the locatorValue ://android.widget.EditText[@text='Enter your Email ID']
22/08/22 11:17:32 AM Monday - BasePage - INFO : Element found with LocatorType: xpath with the locatorValue ://android.widget.EditText[@text='Enter your password']
22/08/22 11:17:33 AM Monday - BasePage - INFO : Clicked on Element with LocatorType: xpath and with the locatorValue ://android.widget.EditText[@text='Enter your password']
22/08/22 11:17:33 AM Monday - BasePage - INFO : Element found with LocatorType: xpath with the locatorValue ://android.widget.EditText[@text='Enter your password']
22/08/22 11:17:33 AM Monday - BasePage - INFO : Send text  on Element with LocatorType: xpath and with the locatorValue ://android.widget.EditText[@text='Enter your password']
22/08/22 11:17:34 AM Monday - BasePage - INFO : Element found with LocatorType: xpath with the locatorValue ://android.widget.Button[@content-desc='Sign In']
22/08/22 11:17:36 AM Monday - BasePage - INFO : Clicked on Element with LocatorType: xpath and with the locatorValue ://android.widget.Button[@content-desc='Sign In']
22/08/22 11:17:43 AM Monday - BasePage - INFO : Element found with LocatorType: xpath with the locatorValue ://android.widget.Button[@text='Allow']
22/08/22 11:17:43 AM Monday - BasePage - INFO :  Element with LocatorType: xpath and with the locatorValue ://android.widget.Button[@text='Allow']is displayed 
22/08/22 11:29:58 AM Monday - BasePage - INFO : Element found with LocatorType: xpath with the locatorValue ://android.widget.Button[@index='3']
22/08/22 11:29:59 AM Monday - BasePage - INFO : Clicked on Element with LocatorType: xpath and with the locatorValue ://android.widget.Button[@index='3']
22/08/22 11:29:59 AM Monday - BasePage - INFO : Element found with LocatorType: xpath with the locatorValue ://android.view.View[@content-desc='Sign In']
22/08/22 11:30:01 AM Monday - BasePage - INFO : Clicked on Element with LocatorType: xpath and with the locatorValue ://android.view.View[@content-desc='Sign In']
22/08/22 11:30:01 AM Monday - BasePage - INFO : Element found with LocatorType: xpath with the locatorValue ://android.widget.ImageView[@content-desc='Sign In with Email']
22/08/22 11:30:02 AM Monday - BasePage - INFO : Clicked on Element with LocatorType: xpath and with the locatorValue ://android.widget.ImageView[@content-desc='Sign In with Email']
22/08/22 11:30:03 AM Monday - BasePage - INFO : Element found with LocatorType: xpath with the locatorValue ://android.widget.EditText[@text='Enter your Email ID']
22/08/22 11:30:03 AM Monday - BasePage - INFO : Clicked on Element with LocatorType: xpath and with the locatorValue ://android.widget.EditText[@text='Enter your Email ID']
22/08/22 11:30:04 AM Monday - BasePage - INFO : Element found with LocatorType: xpath with the locatorValue ://android.widget.EditText[@text='Enter your Email ID']
22/08/22 11:30:05 AM Monday - BasePage - INFO : Send text  on Element with LocatorType: xpath and with the locatorValue ://android.widget.EditText[@text='Enter your Email ID']
22/08/22 11:30:05 AM Monday - BasePage - INFO : Element found with LocatorType: xpath with the locatorValue ://android.widget.EditText[@text='Enter your password']
22/08/22 11:30:06 AM Monday - BasePage - INFO : Clicked on Element with LocatorType: xpath and with the locatorValue ://android.widget.EditText[@text='Enter your password']
22/08/22 11:30:06 AM Monday - BasePage - INFO : Element found with LocatorType: xpath with the locatorValue ://android.widget.EditText[@text='Enter your password']
22/08/22 11:30:07 AM Monday - BasePage - INFO : Send text  on Element with LocatorType: xpath and with the locatorValue ://android.widget.EditText[@text='Enter your password']
22/08/22 11:30:08 AM Monday - BasePage - INFO : Element found with LocatorType: xpath with the locatorValue ://android.widget.Button[@content-desc='Sign In']
22/08/22 11:30:09 AM Monday - BasePage - INFO : Clicked on Element with LocatorType: xpath and with the locatorValue ://android.widget.Button[@content-desc='Sign In']
22/08/22 11:30:16 AM Monday - BasePage - INFO : Element found with LocatorType: xpath with the locatorValue ://android.widget.Button[@text='Allow']
22/08/22 11:30:17 AM Monday - BasePage - INFO :  Element with LocatorType: xpath and with the locatorValue ://android.widget.Button[@text='Allow']is displayed 
22/08/22 11:38:19 AM Monday - BasePage - INFO : Element found with LocatorType: xpath with the locatorValue ://android.widget.Button[@index='3']
22/08/22 11:38:20 AM Monday - BasePage - INFO : Clicked on Element with LocatorType: xpath and with the locatorValue ://android.widget.Button[@index='3']
22/08/22 11:38:20 AM Monday - BasePage - INFO : Element found with LocatorType: xpath with the locatorValue ://android.view.View[@content-desc='Sign In']
22/08/22 11:38:21 AM Monday - BasePage - INFO : Clicked on Element with LocatorType: xpath and with the locatorValue ://android.view.View[@content-desc='Sign In']
22/08/22 11:38:21 AM Monday - BasePage - INFO : Element found with LocatorType: xpath with the locatorValue ://android.widget.ImageView[@content-desc='Sign In with Email']
22/08/22 11:38:22 AM Monday - BasePage - INFO : Clicked on Element with LocatorType: xpath and with the locatorValue ://android.widget.ImageView[@content-desc='Sign In with Email']
22/08/22 11:38:22 AM Monday - BasePage - INFO : Element found with LocatorType: xpath with the locatorValue ://android.widget.EditText[@text='Enter your Email ID']
22/08/22 11:38:23 AM Monday - BasePage - INFO : Clicked on Element with LocatorType: xpath and with the locatorValue ://android.widget.EditText[@text='Enter your Email ID']
22/08/22 11:38:23 AM Monday - BasePage - INFO : Element found with LocatorType: xpath with the locatorValue ://android.widget.EditText[@text='Enter your Email ID']
22/08/22 11:38:24 AM Monday - BasePage - INFO : Send text  on Element with LocatorType: xpath and with the locatorValue ://android.widget.EditText[@text='Enter your Email ID']
22/08/22 11:38:24 AM Monday - BasePage - INFO : Element found with LocatorType: xpath with the locatorValue ://android.widget.EditText[@text='Enter your password']
22/08/22 11:38:26 AM Monday - BasePage - INFO : Clicked on Element with LocatorType: xpath and with the locatorValue ://android.widget.EditText[@text='Enter your password']
22/08/22 11:38:26 AM Monday - BasePage - INFO : Element found with LocatorType: xpath with the locatorValue ://android.widget.EditText[@text='Enter your password']
22/08/22 11:38:26 AM Monday - BasePage - INFO : Send text  on Element with LocatorType: xpath and with the locatorValue ://android.widget.EditText[@text='Enter your password']
22/08/22 11:38:27 AM Monday - BasePage - INFO : Element found with LocatorType: xpath with the locatorValue ://android.widget.Button[@content-desc='Sign In']
22/08/22 11:38:28 AM Monday - BasePage - INFO : Clicked on Element with LocatorType: xpath and with the locatorValue ://android.widget.Button[@content-desc='Sign In']
22/08/22 11:38:44 AM Monday - BasePage - INFO : Element found with LocatorType: xpath with the locatorValue ://android.widget.Button[@text='Allow']
22/08/22 11:38:44 AM Monday - BasePage - INFO :  Element with LocatorType: xpath and with the locatorValue ://android.widget.Button[@text='Allow']is displayed 
22/08/22 12:07:02 PM Monday - BasePage - INFO : Element found with LocatorType: xpath with the locatorValue ://android.widget.Button[@index='3']
22/08/22 12:07:03 PM Monday - BasePage - INFO : Clicked on Element with LocatorType: xpath and with the locatorValue ://android.widget.Button[@index='3']
22/08/22 12:07:03 PM Monday - BasePage - INFO : Element found with LocatorType: xpath with the locatorValue ://android.view.View[@content-desc='Sign In']
22/08/22 12:07:04 PM Monday - BasePage - INFO : Clicked on Element with LocatorType: xpath and with the locatorValue ://android.view.View[@content-desc='Sign In']
22/08/22 12:07:05 PM Monday - BasePage - INFO : Element found with LocatorType: xpath with the locatorValue ://android.widget.ImageView[@content-desc='Sign In with Email']
22/08/22 12:07:06 PM Monday - BasePage - INFO : Clicked on Element with LocatorType: xpath and with the locatorValue ://android.widget.ImageView[@content-desc='Sign In with Email']
22/08/22 12:07:06 PM Monday - BasePage - INFO : Element found with LocatorType: xpath with the locatorValue ://android.widget.EditText[@text='Enter your Email ID']
22/08/22 12:07:07 PM Monday - BasePage - INFO : Clicked on Element with LocatorType: xpath and with the locatorValue ://android.widget.EditText[@text='Enter your Email ID']
22/08/22 12:07:07 PM Monday - BasePage - INFO : Element found with LocatorType: xpath with the locatorValue ://android.widget.EditText[@text='Enter your Email ID']
22/08/22 12:07:08 PM Monday - BasePage - INFO : Send text  on Element with LocatorType: xpath and with the locatorValue ://android.widget.EditText[@text='Enter your Email ID']
22/08/22 12:07:08 PM Monday - BasePage - INFO : Element found with LocatorType: xpath with the locatorValue ://android.widget.EditText[@text='Enter your password']
22/08/22 12:07:09 PM Monday - BasePage - INFO : Clicked on Element with LocatorType: xpath and with the locatorValue ://android.widget.EditText[@text='Enter your password']
22/08/22 12:07:10 PM Monday - BasePage - INFO : Element found with LocatorType: xpath with the locatorValue ://android.widget.EditText[@text='Enter your password']
22/08/22 12:07:10 PM Monday - BasePage - INFO : Send text  on Element with LocatorType: xpath and with the locatorValue ://android.widget.EditText[@text='Enter your password']
22/08/22 12:07:11 PM Monday - BasePage - INFO : Element found with LocatorType: xpath with the locatorValue ://android.widget.Button[@content-desc='Sign In']
22/08/22 12:07:12 PM Monday - BasePage - INFO : Clicked on Element with LocatorType: xpath and with the locatorValue ://android.widget.Button[@content-desc='Sign In']
22/08/22 12:07:28 PM Monday - BasePage - INFO : Element found with LocatorType: xpath with the locatorValue ://android.widget.Button[@text='Allow']
22/08/22 12:07:28 PM Monday - BasePage - INFO :  Element with LocatorType: xpath and with the locatorValue ://android.widget.Button[@text='Allow']is displayed 
22/08/22 12:17:11 PM Monday - BasePage - INFO : Element found with LocatorType: xpath with the locatorValue ://android.widget.Button[@index='3']
22/08/22 12:17:12 PM Monday - BasePage - INFO : Clicked on Element with LocatorType: xpath and with the locatorValue ://android.widget.Button[@index='3']
22/08/22 12:17:12 PM Monday - BasePage - INFO : Element found with LocatorType: xpath with the locatorValue ://android.view.View[@content-desc='Sign In']
22/08/22 12:17:14 PM Monday - BasePage - INFO : Clicked on Element with LocatorType: xpath and with the locatorValue ://android.view.View[@content-desc='Sign In']
22/08/22 12:17:14 PM Monday - BasePage - INFO : Element found with LocatorType: xpath with the locatorValue ://android.widget.ImageView[@content-desc='Sign In with Email']
22/08/22 12:17:15 PM Monday - BasePage - INFO : Clicked on Element with LocatorType: xpath and with the locatorValue ://android.widget.ImageView[@content-desc='Sign In with Email']
22/08/22 12:17:15 PM Monday - BasePage - INFO : Element found with LocatorType: xpath with the locatorValue ://android.widget.EditText[@text='Enter your Email ID']
22/08/22 12:17:17 PM Monday - BasePage - INFO : Clicked on Element with LocatorType: xpath and with the locatorValue ://android.widget.EditText[@text='Enter your Email ID']
22/08/22 12:17:17 PM Monday - BasePage - INFO : Element found with LocatorType: xpath with the locatorValue ://android.widget.EditText[@text='Enter your Email ID']
22/08/22 12:17:18 PM Monday - BasePage - INFO : Send text  on Element with LocatorType: xpath and with the locatorValue ://android.widget.EditText[@text='Enter your Email ID']
22/08/22 12:17:18 PM Monday - BasePage - INFO : Element found with LocatorType: xpath with the locatorValue ://android.widget.EditText[@text='Enter your password']
22/08/22 12:17:19 PM Monday - BasePage - INFO : Clicked on Element with LocatorType: xpath and with the locatorValue ://android.widget.EditText[@text='Enter your password']
22/08/22 12:17:19 PM Monday - BasePage - INFO : Element found with LocatorType: xpath with the locatorValue ://android.widget.EditText[@text='Enter your password']
22/08/22 12:17:20 PM Monday - BasePage - INFO : Send text  on Element with LocatorType: xpath and with the locatorValue ://android.widget.EditText[@text='Enter your password']
22/08/22 12:17:21 PM Monday - BasePage - INFO : Element found with LocatorType: xpath with the locatorValue ://android.widget.Button[@content-desc='Sign In']
22/08/22 12:17:22 PM Monday - BasePage - INFO : Clicked on Element with LocatorType: xpath and with the locatorValue ://android.widget.Button[@content-desc='Sign In']
22/08/22 12:17:37 PM Monday - BasePage - INFO : Element found with LocatorType: xpath with the locatorValue ://android.widget.Button[@text='Allow']
22/08/22 12:17:38 PM Monday - BasePage - INFO :  Element with LocatorType: xpath and with the locatorValue ://android.widget.Button[@text='Allow']is displayed 
22/08/22 12:33:05 PM Monday - BasePage - INFO : Element found with LocatorType: xpath with the locatorValue ://android.widget.Button[@index='3']
22/08/22 12:33:06 PM Monday - BasePage - INFO : Clicked on Element with LocatorType: xpath and with the locatorValue ://android.widget.Button[@index='3']
22/08/22 12:33:06 PM Monday - BasePage - INFO : Element found with LocatorType: xpath with the locatorValue ://android.view.View[@content-desc='Sign In']
22/08/22 12:33:08 PM Monday - BasePage - INFO : Clicked on Element with LocatorType: xpath and with the locatorValue ://android.view.View[@content-desc='Sign In']
22/08/22 12:33:08 PM Monday - BasePage - INFO : Element found with LocatorType: xpath with the locatorValue ://android.widget.ImageView[@content-desc='Sign In with Email']
22/08/22 12:33:09 PM Monday - BasePage - INFO : Clicked on Element with LocatorType: xpath and with the locatorValue ://android.widget.ImageView[@content-desc='Sign In with Email']
22/08/22 12:33:09 PM Monday - BasePage - INFO : Element found with LocatorType: xpath with the locatorValue ://android.widget.EditText[@text='Enter your Email ID']
22/08/22 12:33:10 PM Monday - BasePage - INFO : Clicked on Element with LocatorType: xpath and with the locatorValue ://android.widget.EditText[@text='Enter your Email ID']
22/08/22 12:33:11 PM Monday - BasePage - INFO : Element found with LocatorType: xpath with the locatorValue ://android.widget.EditText[@text='Enter your Email ID']
22/08/22 12:33:12 PM Monday - BasePage - INFO : Send text  on Element with LocatorType: xpath and with the locatorValue ://android.widget.EditText[@text='Enter your Email ID']
22/08/22 12:33:12 PM Monday - BasePage - INFO : Element found with LocatorType: xpath with the locatorValue ://android.widget.EditText[@text='Enter your password']
22/08/22 12:33:13 PM Monday - BasePage - INFO : Clicked on Element with LocatorType: xpath and with the locatorValue ://android.widget.EditText[@text='Enter your password']
22/08/22 12:33:13 PM Monday - BasePage - INFO : Element found with LocatorType: xpath with the locatorValue ://android.widget.EditText[@text='Enter your password']
22/08/22 12:33:14 PM Monday - BasePage - INFO : Send text  on Element with LocatorType: xpath and with the locatorValue ://android.widget.EditText[@text='Enter your password']
22/08/22 12:33:15 PM Monday - BasePage - INFO : Element found with LocatorType: xpath with the locatorValue ://android.widget.Button[@content-desc='Sign In']
22/08/22 12:33:16 PM Monday - BasePage - INFO : Clicked on Element with LocatorType: xpath and with the locatorValue ://android.widget.Button[@content-desc='Sign In']
22/08/22 12:33:31 PM Monday - BasePage - INFO : Element found with LocatorType: xpath with the locatorValue ://android.widget.Button[@text='Allow']
22/08/22 12:33:31 PM Monday - BasePage - INFO :  Element with LocatorType: xpath and with the locatorValue ://android.widget.Button[@text='Allow']is displayed 
22/08/22 12:39:45 PM Monday - BasePage - INFO : Element found with LocatorType: xpath with the locatorValue ://android.widget.Button[@index='3']
22/08/22 12:39:46 PM Monday - BasePage - INFO : Clicked on Element with LocatorType: xpath and with the locatorValue ://android.widget.Button[@index='3']
22/08/22 12:39:46 PM Monday - BasePage - INFO : Element found with LocatorType: xpath with the locatorValue ://android.view.View[@content-desc='Sign In']
22/08/22 12:39:48 PM Monday - BasePage - INFO : Clicked on Element with LocatorType: xpath and with the locatorValue ://android.view.View[@content-desc='Sign In']
22/08/22 12:39:48 PM Monday - BasePage - INFO : Element found with LocatorType: xpath with the locatorValue ://android.widget.ImageView[@content-desc='Sign In with Email']
22/08/22 12:39:49 PM Monday - BasePage - INFO : Clicked on Element with LocatorType: xpath and with the locatorValue ://android.widget.ImageView[@content-desc='Sign In with Email']
22/08/22 12:39:49 PM Monday - BasePage - INFO : Element found with LocatorType: xpath with the locatorValue ://android.widget.EditText[@text='Enter your Email ID']
22/08/22 12:39:50 PM Monday - BasePage - INFO : Clicked on Element with LocatorType: xpath and with the locatorValue ://android.widget.EditText[@text='Enter your Email ID']
22/08/22 12:39:50 PM Monday - BasePage - INFO : Element found with LocatorType: xpath with the locatorValue ://android.widget.EditText[@text='Enter your Email ID']
22/08/22 12:39:51 PM Monday - BasePage - INFO : Send text  on Element with LocatorType: xpath and with the locatorValue ://android.widget.EditText[@text='Enter your Email ID']
22/08/22 12:39:51 PM Monday - BasePage - INFO : Element found with LocatorType: xpath with the locatorValue ://android.widget.EditText[@text='Enter your password']
22/08/22 12:39:52 PM Monday - BasePage - INFO : Clicked on Element with LocatorType: xpath and with the locatorValue ://android.widget.EditText[@text='Enter your password']
22/08/22 12:39:52 PM Monday - BasePage - INFO : Element found with LocatorType: xpath with the locatorValue ://android.widget.EditText[@text='Enter your password']
22/08/22 12:39:53 PM Monday - BasePage - INFO : Send text  on Element with LocatorType: xpath and with the locatorValue ://android.widget.EditText[@text='Enter your password']
22/08/22 12:39:54 PM Monday - BasePage - INFO : Element found with LocatorType: xpath with the locatorValue ://android.widget.Button[@content-desc='Sign In']
22/08/22 12:39:56 PM Monday - BasePage - INFO : Clicked on Element with LocatorType: xpath and with the locatorValue ://android.widget.Button[@content-desc='Sign In']
22/08/22 12:40:11 PM Monday - BasePage - INFO : Element found with LocatorType: xpath with the locatorValue ://android.widget.Button[@text='Allow']
22/08/22 12:40:11 PM Monday - BasePage - INFO :  Element with LocatorType: xpath and with the locatorValue ://android.widget.Button[@text='Allow']is displayed 
22/08/22 01:41:26 PM Monday - BasePage - INFO : Element found with LocatorType: xpath with the locatorValue ://android.widget.Button[@index='3']
22/08/22 01:41:27 PM Monday - BasePage - INFO : Clicked on Element with LocatorType: xpath and with the locatorValue ://android.widget.Button[@index='3']
22/08/22 01:41:27 PM Monday - BasePage - INFO : Element found with LocatorType: xpath with the locatorValue ://android.view.View[@content-desc='Sign In']
22/08/22 01:41:28 PM Monday - BasePage - INFO : Clicked on Element with LocatorType: xpath and with the locatorValue ://android.view.View[@content-desc='Sign In']
22/08/22 01:41:28 PM Monday - BasePage - INFO : Element found with LocatorType: xpath with the locatorValue ://android.widget.ImageView[@content-desc='Sign In with Email']
22/08/22 01:41:29 PM Monday - BasePage - INFO : Clicked on Element with LocatorType: xpath and with the locatorValue ://android.widget.ImageView[@content-desc='Sign In with Email']
22/08/22 01:41:30 PM Monday - BasePage - INFO : Element found with LocatorType: xpath with the locatorValue ://android.widget.EditText[@text='Enter your Email ID']
22/08/22 01:41:31 PM Monday - BasePage - INFO : Clicked on Element with LocatorType: xpath and with the locatorValue ://android.widget.EditText[@text='Enter your Email ID']
22/08/22 01:41:32 PM Monday - BasePage - INFO : Element found with LocatorType: xpath with the locatorValue ://android.widget.EditText[@text='Enter your Email ID']
22/08/22 01:41:35 PM Monday - BasePage - INFO : Send text  on Element with LocatorType: xpath and with the locatorValue ://android.widget.EditText[@text='Enter your Email ID']
22/08/22 01:41:35 PM Monday - BasePage - INFO : Element found with LocatorType: xpath with the locatorValue ://android.widget.EditText[@text='Enter your password']
22/08/22 01:41:36 PM Monday - BasePage - INFO : Clicked on Element with LocatorType: xpath and with the locatorValue ://android.widget.EditText[@text='Enter your password']
22/08/22 01:41:37 PM Monday - BasePage - INFO : Element found with LocatorType: xpath with the locatorValue ://android.widget.EditText[@text='Enter your password']
22/08/22 01:41:37 PM Monday - BasePage - INFO : Send text  on Element with LocatorType: xpath and with the locatorValue ://android.widget.EditText[@text='Enter your password']
22/08/22 01:41:38 PM Monday - BasePage - INFO : Element found with LocatorType: xpath with the locatorValue ://android.widget.Button[@content-desc='Sign In']
22/08/22 01:41:40 PM Monday - BasePage - INFO : Clicked on Element with LocatorType: xpath and with the locatorValue ://android.widget.Button[@content-desc='Sign In']
22/08/22 01:41:55 PM Monday - BasePage - INFO : Element found with LocatorType: xpath with the locatorValue ://android.widget.Button[@text='Allow']
22/08/22 01:41:55 PM Monday - BasePage - INFO :  Element with LocatorType: xpath and with the locatorValue ://android.widget.Button[@text='Allow']is displayed 
